// Vitest Snapshot v1

exports[`should compiled match snapshot 1`] = `
{
  "ast": null,
  "code": "import _mergeJSXProps5 from \\"@vue/babel-helper-vue-jsx-merge-props\\";
import _mergeJSXProps4 from \\"@vue/babel-helper-vue-jsx-merge-props\\";
import _mergeJSXProps3 from \\"@vue/babel-helper-vue-jsx-merge-props\\";
import _mergeJSXProps2 from \\"@vue/babel-helper-vue-jsx-merge-props\\";
import _mergeJSXProps from \\"@vue/babel-helper-vue-jsx-merge-props\\";

function createApp() {
  return h(\\"div\\", [h(\\"component\\", _mergeJSXProps([{
    \\"attrs\\": {
      \\"visible\\": this.test,
      \\"foo\\": \\"bar\\"
    }
  }, {
    \\"on\\": {
      \\"update:visible\\": $$val => {
        this.test = $$val;
      }
    }
  }]), [\\"This will be ok\\"]), h(\\"component\\", _mergeJSXProps2([{
    \\"attrs\\": {
      \\"visible\\": this.test[1],
      \\"foo\\": \\"bar\\"
    }
  }, {
    \\"on\\": {
      \\"update:visible\\": $$val => {
        this.test[1] = $$val;
      }
    }
  }]), [\\"This will be ok\\"]), h(\\"component\\", _mergeJSXProps3([{
    \\"attrs\\": {
      \\"visible\\": this.test.a,
      \\"foo\\": \\"bar\\"
    }
  }, {
    \\"on\\": {
      \\"update:visible\\": $$val => {
        this.test.a = $$val;
      }
    }
  }]), [\\"This will be ok\\"]), h(\\"component\\", _mergeJSXProps4([{
    \\"attrs\\": {
      \\"visible\\": this.test.a,
      \\"open\\": this.test.b
    }
  }, {
    \\"on\\": {
      \\"update:visible\\": $$val => {
        this.test.a = $$val;
      },
      \\"update:open\\": $$val => {
        this.test.b = $$val;
      }
    }
  }]), [\\"This will be ok\\"]), h(\\"component\\", _mergeJSXProps5([{
    \\"attrs\\": {
      \\"visible\\": this.test
    }
  }, {
    \\"on\\": {
      click: this.test
    }
  }, {}, {
    \\"on\\": {
      \\"update:visible\\": $$val => {
        this.test = $$val;
      }
    }
  }]), [\\"This will be ok\\"])]);
}",
  "externalDependencies": Set {},
  "map": null,
  "metadata": {},
  "options": {
    "assumptions": {},
    "babelrc": false,
    "browserslistConfigFile": false,
    "cloneInputAst": true,
    "configFile": false,
    "cwd": "/Users/mitscherlich/Development/projects/babel-sugar-v-bind-sync",
    "envName": "test",
    "generatorOpts": {
      "auxiliaryCommentAfter": undefined,
      "auxiliaryCommentBefore": undefined,
      "comments": true,
      "compact": "auto",
      "filename": undefined,
      "minified": undefined,
      "retainLines": undefined,
      "shouldPrintComment": undefined,
      "sourceFileName": "unknown",
      "sourceMaps": false,
      "sourceRoot": undefined,
    },
    "parserOpts": {
      "plugins": [
        "jsx",
        "jsx",
        "jsx",
      ],
      "sourceFileName": undefined,
      "sourceType": "module",
    },
    "passPerPreset": false,
    "plugins": [
      Plugin {
        "externalDependencies": [],
        "generatorOverride": undefined,
        "key": "syntax-jsx",
        "manipulateOptions": [Function],
        "options": {},
        "parserOverride": undefined,
        "post": undefined,
        "pre": undefined,
        "visitor": {
          "_exploded": true,
          "_verified": true,
        },
      },
      Plugin {
        "externalDependencies": [],
        "generatorOverride": undefined,
        "key": "base$1",
        "manipulateOptions": [Function],
        "options": {},
        "parserOverride": undefined,
        "post": undefined,
        "pre": undefined,
        "visitor": {
          "JSXAttribute": {
            "enter": [
              [Function],
            ],
          },
          "JSXOpeningElement": {
            "exit": [
              [Function],
            ],
          },
          "_exploded": {},
          "_verified": {},
        },
      },
      Plugin {
        "externalDependencies": [],
        "generatorOverride": undefined,
        "key": "babel-plugin-transform-vue-jsx",
        "manipulateOptions": [Function],
        "options": {},
        "parserOverride": undefined,
        "post": undefined,
        "pre": undefined,
        "visitor": {
          "JSXElement": {
            "exit": [
              [Function],
            ],
          },
          "_exploded": {},
          "_verified": {},
        },
      },
    ],
    "presets": [],
    "root": "/Users/mitscherlich/Development/projects/babel-sugar-v-bind-sync",
    "rootMode": "root",
    "targets": {},
  },
  "sourceType": "module",
}
`;
