// Vitest Snapshot v1

exports[`should compiled match snapshot 1`] = `
"import _mergeJSXProps6 from \\"@vue/babel-helper-vue-jsx-merge-props\\";
import _mergeJSXProps5 from \\"@vue/babel-helper-vue-jsx-merge-props\\";
import _mergeJSXProps4 from \\"@vue/babel-helper-vue-jsx-merge-props\\";
import _mergeJSXProps3 from \\"@vue/babel-helper-vue-jsx-merge-props\\";
import _mergeJSXProps2 from \\"@vue/babel-helper-vue-jsx-merge-props\\";
import _mergeJSXProps from \\"@vue/babel-helper-vue-jsx-merge-props\\";

function createApp() {
  return h(\\"div\\", [h(\\"component\\", _mergeJSXProps([{
    \\"attrs\\": {
      \\"visible\\": this.test,
      \\"foo\\": \\"bar\\"
    }
  }, {
    \\"on\\": {
      \\"update:visible\\": $$val => {
        this.test = $$val;
      }
    }
  }]), [\\"This will be ok\\"]), h(\\"component\\", _mergeJSXProps2([{
    \\"attrs\\": {
      \\"visible\\": this.test[1],
      \\"foo\\": \\"bar\\"
    }
  }, {
    \\"on\\": {
      \\"update:visible\\": $$val => {
        this.test[1] = $$val;
      }
    }
  }]), [\\"This will be ok\\"]), h(\\"component\\", _mergeJSXProps3([{
    \\"attrs\\": {
      \\"visible\\": this.test.a,
      \\"foo\\": \\"bar\\"
    }
  }, {
    \\"on\\": {
      \\"update:visible\\": $$val => {
        this.test.a = $$val;
      }
    }
  }]), [\\"This will be ok\\"]), h(\\"component\\", _mergeJSXProps4([{
    \\"attrs\\": {
      \\"visible\\": this.test.a,
      \\"bool\\": true
    }
  }, {
    \\"on\\": {
      \\"update:visible\\": $$val => {
        this.test.a = $$val;
      }
    }
  }]), [\\"This will be ok\\"]), h(\\"component\\", _mergeJSXProps5([{
    \\"attrs\\": {
      \\"visible\\": this.test.a,
      \\"open\\": this.test.b
    }
  }, {
    \\"on\\": {
      \\"update:visible\\": $$val => {
        this.test.a = $$val;
      },
      \\"update:open\\": $$val => {
        this.test.b = $$val;
      }
    }
  }]), [\\"This will be ok\\"]), h(\\"component\\", _mergeJSXProps6([{
    \\"attrs\\": {
      \\"visible\\": this.test
    }
  }, {
    \\"on\\": {
      click: this.test
    }
  }, {}, {
    \\"on\\": {
      \\"update:visible\\": $$val => {
        this.test = $$val;
      }
    }
  }]), [\\"This will be ok\\"])]);
}"
`;
